// Jest Snapshot v1, https://goo.gl/fbAQLP

exports[`TableHeader accepts options for sorting 1`] = `
<thead>
  <tr>
    <th>
      <button
        aria-label={undefined}
        className="grommetux-button grommetux-button--fill grommetux-button--plain"
        disabled={false}
        href={undefined}
        onBlur={[Function]}
        onClick={[Function]}
        onFocus={[Function]}
        onMouseDown={[Function]}
        onMouseUp={[Function]}
        type="button"
      >
        <div
          className="grommetux-box grommetux-box--direction-row grommetux-box--justify-start grommetux-box--align-center grommetux-box--responsive grommetux-box--pad-between-small"
          id={undefined}
          onClick={undefined}
          role={undefined}
          style={Object {}}
          tabIndex={undefined}
        >
          <span>
            first
          </span>
          <svg
            aria-label="link-down"
            className="grommetux-control-icon grommetux-control-icon-link-down grommetux-control-icon--responsive"
            height="24px"
            role="img"
            version="1.1"
            viewBox="0 0 24 24"
            width="24px"
          >
            <path
              d="M12,2 L12,22 M3,11 L12,2 L21,11"
              fill="none"
              stroke="#000"
              strokeWidth="2"
              transform="matrix(1 0 0 -1 0 24)"
            />
          </svg>
        </div>
      </button>
    </th>
    <th>
      <div
        className="grommetux-box grommetux-box--direction-row grommetux-box--justify-start grommetux-box--align-center grommetux-box--responsive grommetux-box--pad-between-small"
        id={undefined}
        onClick={undefined}
        role={undefined}
        style={Object {}}
        tabIndex={undefined}
      >
        <span>
          second
        </span>
      </div>
    </th>
  </tr>
</thead>
`;

exports[`TableHeader has correct default options 1`] = `
<thead>
  <tr>
    <th>
      <button
        aria-label={undefined}
        className="grommetux-button grommetux-button--fill grommetux-button--plain"
        disabled={false}
        href={undefined}
        onBlur={[Function]}
        onClick={[Function]}
        onFocus={[Function]}
        onMouseDown={[Function]}
        onMouseUp={[Function]}
        type="button"
      >
        <div
          className="grommetux-box grommetux-box--direction-row grommetux-box--justify-start grommetux-box--align-center grommetux-box--responsive grommetux-box--pad-between-small"
          id={undefined}
          onClick={undefined}
          role={undefined}
          style={Object {}}
          tabIndex={undefined}
        >
          <span>
            first
          </span>
          <svg
            aria-label="link-down"
            className="grommetux-control-icon grommetux-control-icon-link-down grommetux-control-icon--responsive"
            height="24px"
            role="img"
            version="1.1"
            viewBox="0 0 24 24"
            width="24px"
          >
            <path
              d="M12,2 L12,22 M3,11 L12,2 L21,11"
              fill="none"
              stroke="#000"
              strokeWidth="2"
              transform="matrix(1 0 0 -1 0 24)"
            />
          </svg>
        </div>
      </button>
    </th>
    <th>
      <button
        aria-label={undefined}
        className="grommetux-button grommetux-button--fill grommetux-button--plain"
        disabled={false}
        href={undefined}
        onBlur={[Function]}
        onClick={[Function]}
        onFocus={[Function]}
        onMouseDown={[Function]}
        onMouseUp={[Function]}
        type="button"
      >
        <div
          className="grommetux-box grommetux-box--direction-row grommetux-box--justify-start grommetux-box--align-center grommetux-box--responsive grommetux-box--pad-between-small"
          id={undefined}
          onClick={undefined}
          role={undefined}
          style={Object {}}
          tabIndex={undefined}
        >
          <span>
            second
          </span>
        </div>
      </button>
    </th>
  </tr>
</thead>
`;
