[09:31:04.262] [INFO] storybook v10.5.9
[09:31:04.342] [DEBUG] Getting package.json info for /Users/glissman/Code/grommet/grommet/package.json...
[09:31:07.055] [DEBUG] Serving static files from [36mnode_modules/@chromatic-com/storybook/assets[39m at [36m/addon-visual-tests-assets[39m
[09:31:07.056] [DEBUG] Serving static files from [36mstorybook/public[39m at [36m/[39m
[09:31:07.057] [INFO] Starting...
[09:31:07.099] [DEBUG] readDependencyManifest: could not resolve "cross-env"
[09:31:07.329] [DEBUG] Starting preview..
[09:31:07.344] [INFO] Addon-docs: using MDX3
[09:31:07.346] [INFO] Using implicit CSS loaders
[09:31:07.494] [INFO] Loading custom Webpack config (full-control mode).
[09:31:07.912] [DEBUG] Using tsconfig paths for react-docgen
[09:31:24.406] [ERROR] Failed to build the preview
[09:31:24.816] [WARN] Force closed preview build
[09:31:24.818] [ERROR] [38;2;241;97;97mSB_BUILDER-WEBPACK5_0003 (WebpackCompilationError): There were problems when compiling your code with Webpack.
Run Storybook with --debug-webpack for more information.[39m
    at starter (file://./node_modules/@storybook/builder-webpack5/dist/index.js:857:11)
    at starter.next (<anonymous>)
    at Module.start (file://./node_modules/@storybook/builder-webpack5/dist/index.js:915:34)
    at process.processTicksAndRejections (node:internal/process/task_queues:105:5)
    at async storybookDevServer (file://./node_modules/storybook/dist/core-server/index.js:11225:59)
    at async buildOrThrow (file://./node_modules/storybook/dist/core-server/index.js:8331:12)
    at async buildDevStandalone (file://./node_modules/storybook/dist/core-server/index.js:11990:41)
    at async withTelemetry (file://./node_modules/storybook/dist/_node-chunks/chunk-BJAFYWQI.js:1889:12)
    at async dev (file://./node_modules/storybook/dist/bin/core.js:3850:3)
    at async _Command.<anonymous> (file://./node_modules/storybook/dist/bin/core.js:3958:3)
[09:31:24.819] [WARN] Broken build, fix the error above.
You may need to refresh the browser.