// Jest Snapshot v1, https://goo.gl/fbAQLP

exports[`DataFilters renders 1`] = `
.c6 {
  display: inline-block;
  -webkit-flex: 0 0 auto;
  -ms-flex: 0 0 auto;
  flex: 0 0 auto;
  width: 24px;
  height: 24px;
  fill: #666666;
  stroke: #666666;
}

.c6 g {
  fill: inherit;
  stroke: inherit;
}

.c6 *:not([stroke])[fill="none"] {
  stroke-width: 0;
}

.c6 *[stroke*="#"],
.c6 *[STROKE*="#"] {
  stroke: inherit;
  fill: none;
}

.c6 *[fill-rule],
.c6 *[FILL-RULE],
.c6 *[fill*="#"],
.c6 *[FILL*="#"] {
  fill: inherit;
  stroke: none;
}

.c1 {
  display: -webkit-box;
  display: -webkit-flex;
  display: -ms-flexbox;
  display: flex;
  box-sizing: border-box;
  max-width: 100%;
  min-width: 0;
  min-height: 0;
  -webkit-flex-direction: column;
  -ms-flex-direction: column;
  flex-direction: column;
  -webkit-flex: 0 0 auto;
  -ms-flex: 0 0 auto;
  flex: 0 0 auto;
}

.c8 {
  display: -webkit-box;
  display: -webkit-flex;
  display: -ms-flexbox;
  display: flex;
  box-sizing: border-box;
  max-width: 100%;
  min-width: 0;
  min-height: 0;
  -webkit-flex-direction: column;
  -ms-flex-direction: column;
  flex-direction: column;
  height: 100%;
}

.c9 {
  display: -webkit-box;
  display: -webkit-flex;
  display: -ms-flexbox;
  display: flex;
  box-sizing: border-box;
  max-width: 100%;
  min-width: 0;
  min-height: 0;
  -webkit-flex-direction: column;
  -ms-flex-direction: column;
  flex-direction: column;
  -webkit-flex: 1 1;
  -ms-flex: 1 1;
  flex: 1 1;
  overflow: auto;
}

.c10 {
  display: -webkit-box;
  display: -webkit-flex;
  display: -ms-flexbox;
  display: flex;
  box-sizing: border-box;
  max-width: 100%;
  margin-bottom: 12px;
  min-width: 0;
  min-height: 0;
  -webkit-flex-direction: column;
  -ms-flex-direction: column;
  flex-direction: column;
}

.c12 {
  display: -webkit-box;
  display: -webkit-flex;
  display: -ms-flexbox;
  display: flex;
  box-sizing: border-box;
  max-width: 100%;
  border-bottom: solid 1px rgba(0,0,0,0.33);
  min-width: 0;
  min-height: 0;
  -webkit-flex-direction: column;
  -ms-flex-direction: column;
  flex-direction: column;
  padding: 12px;
}

.c13 {
  display: -webkit-box;
  display: -webkit-flex;
  display: -ms-flexbox;
  display: flex;
  box-sizing: border-box;
  max-width: 100%;
  min-width: 0;
  min-height: 0;
  -webkit-flex-direction: column;
  -ms-flex-direction: column;
  flex-direction: column;
}

.c15 {
  display: -webkit-box;
  display: -webkit-flex;
  display: -ms-flexbox;
  display: flex;
  box-sizing: border-box;
  max-width: 100%;
  margin-right: 12px;
  -webkit-align-items: center;
  -webkit-box-align: center;
  -ms-flex-align: center;
  align-items: center;
  min-width: 0;
  min-height: 0;
  -webkit-flex-direction: column;
  -ms-flex-direction: column;
  flex-direction: column;
  -webkit-box-pack: center;
  -webkit-justify-content: center;
  -ms-flex-pack: center;
  justify-content: center;
}

.c18 {
  display: -webkit-box;
  display: -webkit-flex;
  display: -ms-flexbox;
  display: flex;
  box-sizing: border-box;
  max-width: 100%;
  -webkit-align-items: center;
  -webkit-box-align: center;
  -ms-flex-align: center;
  align-items: center;
  border: solid 2px rgba(0,0,0,0.15);
  min-width: 0;
  min-height: 0;
  -webkit-flex-direction: column;
  -ms-flex-direction: column;
  flex-direction: column;
  height: 24px;
  width: 24px;
  -webkit-box-pack: center;
  -webkit-justify-content: center;
  -ms-flex-pack: center;
  justify-content: center;
  border-radius: 4px;
}

.c20 {
  display: -webkit-box;
  display: -webkit-flex;
  display: -ms-flexbox;
  display: flex;
  box-sizing: border-box;
  max-width: 100%;
  margin-top: 12px;
  -webkit-align-items: center;
  -webkit-box-align: center;
  -ms-flex-align: center;
  align-items: center;
  min-width: 0;
  min-height: 0;
  -webkit-flex-direction: row;
  -ms-flex-direction: row;
  flex-direction: row;
  -webkit-flex: 0 0 auto;
  -ms-flex: 0 0 auto;
  flex: 0 0 auto;
  -webkit-box-pack: justify;
  -webkit-justify-content: space-between;
  -ms-flex-pack: justify;
  justify-content: space-between;
}

.c2 {
  display: -webkit-box;
  display: -webkit-flex;
  display: -ms-flexbox;
  display: flex;
  box-sizing: border-box;
  max-width: 100%;
  -webkit-align-items: flex-start;
  -webkit-box-align: flex-start;
  -ms-flex-align: flex-start;
  align-items: flex-start;
  min-width: 0;
  min-height: 0;
  -webkit-flex-direction: row;
  -ms-flex-direction: row;
  flex-direction: row;
  -webkit-flex: 0 0 auto;
  -ms-flex: 0 0 auto;
  flex: 0 0 auto;
  -webkit-flex-wrap: wrap;
  -ms-flex-wrap: wrap;
  flex-wrap: wrap;
  -webkit-column-gap: 12px;
  column-gap: 12px;
  row-gap: 12px;
}

.c19 {
  -webkit-flex: 0 0 auto;
  -ms-flex: 0 0 auto;
  flex: 0 0 auto;
  -webkit-align-self: stretch;
  -ms-flex-item-align: stretch;
  align-self: stretch;
  height: 12px;
}

.c22 {
  -webkit-flex: 0 0 auto;
  -ms-flex: 0 0 auto;
  flex: 0 0 auto;
  -webkit-align-self: stretch;
  -ms-flex-item-align: stretch;
  align-self: stretch;
  width: 12px;
}

.c11 {
  margin-left: 12px;
  margin-right: 12px;
  margin-top: 6px;
  margin-bottom: 6px;
  font-size: 18px;
  line-height: 24px;
}

.c21 {
  display: inline-block;
  box-sizing: border-box;
  cursor: pointer;
  font: inherit;
  -webkit-text-decoration: none;
  text-decoration: none;
  margin: 0;
  background: transparent;
  overflow: visible;
  text-transform: none;
  border: 2px solid #7D4CDB;
  border-radius: 18px;
  color: #444444;
  padding: 4px 22px;
  font-size: 18px;
  line-height: 24px;
  background-color: #7D4CDB;
  color: #f8f8f8;
  border-radius: 18px;
  -webkit-transition-property: color,background-color,border-color,box-shadow;
  transition-property: color,background-color,border-color,box-shadow;
  -webkit-transition-duration: 0.1s;
  transition-duration: 0.1s;
  -webkit-transition-timing-function: ease-in-out;
  transition-timing-function: ease-in-out;
}

.c21:hover {
  box-shadow: 0px 0px 0px 2px #7D4CDB;
}

.c21:focus {
  outline: none;
  box-shadow: 0 0 2px 2px #6FFFB0;
}

.c21:focus > circle,
.c21:focus > ellipse,
.c21:focus > line,
.c21:focus > path,
.c21:focus > polygon,
.c21:focus > polyline,
.c21:focus > rect {
  outline: none;
  box-shadow: 0 0 2px 2px #6FFFB0;
}

.c21:focus::-moz-focus-inner {
  border: 0;
}

.c21:focus:not(:focus-visible) {
  outline: none;
  box-shadow: none;
}

.c21:focus:not(:focus-visible) > circle,
.c21:focus:not(:focus-visible) > ellipse,
.c21:focus:not(:focus-visible) > line,
.c21:focus:not(:focus-visible) > path,
.c21:focus:not(:focus-visible) > polygon,
.c21:focus:not(:focus-visible) > polyline,
.c21:focus:not(:focus-visible) > rect {
  outline: none;
  box-shadow: none;
}

.c21:focus:not(:focus-visible)::-moz-focus-inner {
  border: 0;
}

.c23 {
  display: inline-block;
  box-sizing: border-box;
  cursor: pointer;
  font: inherit;
  -webkit-text-decoration: none;
  text-decoration: none;
  margin: 0;
  background: transparent;
  overflow: visible;
  text-transform: none;
  border: 2px solid #7D4CDB;
  border-radius: 18px;
  color: #444444;
  padding: 4px 22px;
  font-size: 18px;
  line-height: 24px;
  opacity: 0.3;
  cursor: default;
  -webkit-transition-property: color,background-color,border-color,box-shadow;
  transition-property: color,background-color,border-color,box-shadow;
  -webkit-transition-duration: 0.1s;
  transition-duration: 0.1s;
  -webkit-transition-timing-function: ease-in-out;
  transition-timing-function: ease-in-out;
}

.c23:focus {
  outline: none;
  box-shadow: 0 0 2px 2px #6FFFB0;
}

.c23:focus > circle,
.c23:focus > ellipse,
.c23:focus > line,
.c23:focus > path,
.c23:focus > polygon,
.c23:focus > polyline,
.c23:focus > rect {
  outline: none;
  box-shadow: 0 0 2px 2px #6FFFB0;
}

.c23:focus::-moz-focus-inner {
  border: 0;
}

.c23:focus:not(:focus-visible) {
  outline: none;
  box-shadow: none;
}

.c23:focus:not(:focus-visible) > circle,
.c23:focus:not(:focus-visible) > ellipse,
.c23:focus:not(:focus-visible) > line,
.c23:focus:not(:focus-visible) > path,
.c23:focus:not(:focus-visible) > polygon,
.c23:focus:not(:focus-visible) > polyline,
.c23:focus:not(:focus-visible) > rect {
  outline: none;
  box-shadow: none;
}

.c23:focus:not(:focus-visible)::-moz-focus-inner {
  border: 0;
}

.c24 {
  opacity: 0;
}

.c3 {
  max-width: 100%;
}

.c14 {
  display: -webkit-box;
  display: -webkit-flex;
  display: -ms-flexbox;
  display: flex;
  -webkit-flex-direction: row;
  -ms-flex-direction: row;
  flex-direction: row;
  -webkit-align-items: center;
  -webkit-box-align: center;
  -ms-flex-align: center;
  align-items: center;
  -webkit-user-select: none;
  -moz-user-select: none;
  -ms-user-select: none;
  user-select: none;
  width: -webkit-fit-content;
  width: -moz-fit-content;
  width: fit-content;
  cursor: pointer;
}

.c14:hover input:not([disabled]) + div,
.c14:hover input:not([disabled]) + span {
  border-color: #000000;
}

.c17 {
  opacity: 0;
  -moz-appearance: none;
  width: 0;
  height: 0;
  margin: 0;
  cursor: pointer;
}

.c17:checked + span > span {
  left: calc( 48px - 24px );
  background: #7D4CDB;
}

.c16 {
  -webkit-flex-shrink: 0;
  -ms-flex-negative: 0;
  flex-shrink: 0;
}

.c7 {
  box-sizing: border-box;
  font-size: inherit;
  font-family: inherit;
  border: none;
  -webkit-appearance: none;
  background: transparent;
  color: inherit;
  width: 100%;
  padding: 11px;
  font-weight: 600;
  margin: 0;
  border: 1px solid rgba(0,0,0,0.33);
  border-radius: 4px;
  padding-left: 48px;
}

.c7:focus {
  outline: none;
  box-shadow: 0 0 2px 2px #6FFFB0;
}

.c7:focus > circle,
.c7:focus > ellipse,
.c7:focus > line,
.c7:focus > path,
.c7:focus > polygon,
.c7:focus > polyline,
.c7:focus > rect {
  outline: none;
  box-shadow: 0 0 2px 2px #6FFFB0;
}

.c7:focus::-moz-focus-inner {
  border: 0;
}

.c7::-webkit-input-placeholder {
  color: #AAAAAA;
}

.c7::-moz-placeholder {
  color: #AAAAAA;
}

.c7:-ms-input-placeholder {
  color: #AAAAAA;
}

.c7::-webkit-search-decoration {
  -webkit-appearance: none;
}

.c7::-moz-focus-inner {
  border: none;
  outline: none;
}

.c7:-moz-placeholder,
.c7::-moz-placeholder {
  opacity: 1;
}

.c4 {
  position: relative;
  width: 100%;
}

.c5 {
  position: absolute;
  display: -webkit-box;
  display: -webkit-flex;
  display: -ms-flexbox;
  display: flex;
  -webkit-box-packjustify: center;
  -webkit-justify: center;
  -ms-flex-packjustify: center;
  justify: center;
  top: 50%;
  -webkit-transform: translateY(-50%);
  -ms-transform: translateY(-50%);
  transform: translateY(-50%);
  pointer-events: none;
  left: 12px;
}

.c0 {
  font-size: 18px;
  line-height: 24px;
  box-sizing: border-box;
  -webkit-text-size-adjust: 100%;
  -ms-text-size-adjust: 100%;
  -moz-osx-font-smoothing: grayscale;
  -webkit-font-smoothing: antialiased;
}

@media only screen and (max-width:768px) {

}

@media only screen and (max-width:768px) {
  .c10 {
    margin-bottom: 6px;
  }
}

@media only screen and (max-width:768px) {
  .c12 {
    border-bottom: solid 1px rgba(0,0,0,0.33);
  }
}

@media only screen and (max-width:768px) {
  .c12 {
    padding: 6px;
  }
}

@media only screen and (max-width:768px) {
  .c15 {
    margin-right: 6px;
  }
}

@media only screen and (max-width:768px) {
  .c18 {
    border: solid 2px rgba(0,0,0,0.15);
  }
}

@media only screen and (max-width:768px) {
  .c20 {
    margin-top: 6px;
  }
}

@media only screen and (max-width:768px) {
  .c2 {
    -webkit-column-gap: 6px;
    column-gap: 6px;
  }
}

@media only screen and (max-width:768px) {
  .c19 {
    height: 6px;
  }
}

@media only screen and (max-width:768px) {
  .c22 {
    width: 6px;
  }
}

<div
  class="c0"
>
  <div
    class="c1"
    id="data"
  >
    <div
      class="c2"
    >
      <form
        class="c3"
      >
        <div
          class="c4"
        >
          <div
            class="c5"
          >
            <svg
              aria-label="Search"
              class="c6"
              viewBox="0 0 24 24"
            >
              <path
                d="m15 15 7 7-7-7zm-5.5 2a7.5 7.5 0 1 0 0-15 7.5 7.5 0 0 0 0 15z"
                fill="none"
                stroke="#000"
                stroke-width="2"
              />
            </svg>
          </div>
          <input
            aria-label="Search"
            autocomplete="off"
            class="c7"
            id="data--search"
            name="_search"
            type="search"
            value=""
          />
        </div>
      </form>
      <form
        class="c3"
      >
        <div
          class="c8"
        >
          <div
            class="c9"
          >
            <div
              class="c1"
            >
              <div
                class="c10 "
              >
                <label
                  class="c11"
                  for="data-name"
                >
                  name
                </label>
                <div
                  class="c12 FormField__FormFieldContentBox-sc-m9hood-1"
                >
                  <div
                    class="c13 StyledCheckBoxGroup-sc-2nhc5d-0"
                    id="data-name"
                    role="group"
                  >
                    <label
                      class="c14"
                      label="a"
                    >
                      <div
                        class="c15 c16"
                      >
                        <input
                          class="c17"
                          type="checkbox"
                        />
                        <div
                          class="c18 "
                        />
                      </div>
                      <span>
                        a
                      </span>
                    </label>
                    <div
                      class="c19"
                    />
                    <label
                      class="c14"
                      label="b"
                    >
                      <div
                        class="c15 c16"
                      >
                        <input
                          class="c17"
                          type="checkbox"
                        />
                        <div
                          class="c18 "
                        />
                      </div>
                      <span>
                        b
                      </span>
                    </label>
                  </div>
                </div>
              </div>
            </div>
          </div>
          <footer
            class="c20"
          >
            <button
              class="c21"
              type="submit"
            >
              Apply filters
            </button>
            <div
              class="c22"
            />
            <button
              aria-hidden="true"
              class="c23 c24"
              disabled=""
              tabindex="-1"
              type="reset"
            >
              Undo changes
            </button>
          </footer>
        </div>
      </form>
    </div>
  </div>
</div>
`;
